// Jest Snapshot v1, https://goo.gl/fbAQLP

exports[`renders Container unchanged 1`] = `
<DocumentFragment>
  <div
    class="chakra-container css-1y4v3tz"
  >
    <main
      class="css-i9gxme"
    >
      Main contents
    </main>
    <div
      class="css-gmuwbf"
    >
      Â© 2022-22 midorimici
    </div>
  </div>
</DocumentFragment>
`;
