// Jest Snapshot v1, https://goo.gl/fbAQLP

exports[`renders GameList unchanged 1`] = `
<DocumentFragment>
  <div
    class="chakra-stack css-1clhiew"
  >
    <div
      class="chakra-linkbox css-1cnlftd"
    >
      <div
        class="css-2rlxtj"
      >
        <a
          class="chakra-linkbox__overlay css-15i5kzd"
          href="/games/first-game"
        >
          First game
        </a>
        <p
          class="chakra-text css-0"
        >
          Game desciption. This part may contains the description about the game or/and pieces used in the game.
        </p>
      </div>
      <span
        style="box-sizing: border-box; display: inline-block; overflow: hidden; background: none; opacity: 1; border: 0px; margin: 0px; padding: 0px; position: relative; max-width: 100%;"
      >
        <span
          style="box-sizing: border-box; display: block; background: none; opacity: 1; border: 0px; margin: 0px; padding: 0px; max-width: 100%;"
        >
          <img
            alt=""
            aria-hidden="true"
            src="data:image/svg+xml;base64,PHN2ZyB3aWR0aD0iMjU2IiBoZWlnaHQ9IjI1NiIgeG1sbnM9Imh0dHA6Ly93d3cudzMub3JnLzIwMDAvc3ZnIiB2ZXJzaW9uPSIxLjEiLz4="
            style="display: block; max-width: 100%; background: none; opacity: 1; border: 0px; margin: 0px; padding: 0px;"
          />
        </span>
        <img
          data-nimg="intrinsic"
          decoding="async"
          src="data:image/gif;base64,R0lGODlhAQABAIAAAAAAAP///yH5BAEAAAAALAAAAAABAAEAAAIBRAA7"
          style="position: absolute; top: 0px; left: 0px; bottom: 0px; right: 0px; box-sizing: border-box; padding: 0px; margin: auto; display: block; width: 0px; height: 0px; min-width: 100%; max-width: 100%; min-height: 100%; max-height: 100%;"
        />
        <noscript />
      </span>
    </div>
    <div
      class="chakra-linkbox css-1cnlftd"
    >
      <div
        class="css-2rlxtj"
      >
        <a
          class="chakra-linkbox__overlay css-15i5kzd"
          href="/games/second-game"
        >
          Second game
        </a>
        <p
          class="chakra-text css-0"
        >
          Game desciption. This part may contains the description about the game or/and pieces used in the game.
        </p>
      </div>
      <span
        style="box-sizing: border-box; display: inline-block; overflow: hidden; background: none; opacity: 1; border: 0px; margin: 0px; padding: 0px; position: relative; max-width: 100%;"
      >
        <span
          style="box-sizing: border-box; display: block; background: none; opacity: 1; border: 0px; margin: 0px; padding: 0px; max-width: 100%;"
        >
          <img
            alt=""
            aria-hidden="true"
            src="data:image/svg+xml;base64,PHN2ZyB3aWR0aD0iMjU2IiBoZWlnaHQ9IjI1NiIgeG1sbnM9Imh0dHA6Ly93d3cudzMub3JnLzIwMDAvc3ZnIiB2ZXJzaW9uPSIxLjEiLz4="
            style="display: block; max-width: 100%; background: none; opacity: 1; border: 0px; margin: 0px; padding: 0px;"
          />
        </span>
        <img
          data-nimg="intrinsic"
          decoding="async"
          src="data:image/gif;base64,R0lGODlhAQABAIAAAAAAAP///yH5BAEAAAAALAAAAAABAAEAAAIBRAA7"
          style="position: absolute; top: 0px; left: 0px; bottom: 0px; right: 0px; box-sizing: border-box; padding: 0px; margin: auto; display: block; width: 0px; height: 0px; min-width: 100%; max-width: 100%; min-height: 100%; max-height: 100%;"
        />
        <noscript />
      </span>
    </div>
  </div>
</DocumentFragment>
`;
