// Jest Snapshot v1, https://goo.gl/fbAQLP

exports[`Home renders unchanged 1`] = `
<DocumentFragment>
  <div
    class="chakra-container css-0"
  >
    <main
      class="css-0"
    >
      <a
        class="chakra-link css-0"
        href="/games"
      >
        games
      </a>
    </main>
    <div
      class="css-0"
    >
      Â© 2022-22 midorimici
    </div>
  </div>
</DocumentFragment>
`;
