// Jest Snapshot v1, https://goo.gl/fbAQLP

exports[`renders Footer unchanged 1`] = `
<DocumentFragment>
  <div
    class="css-0"
  >
    Main contents
  </div>
</DocumentFragment>
`;
